Unable to find image 'archlinux:latest' locally
latest: Pulling from library/archlinux
1dd624a5d250: Pulling fs layer
ab6ef42a20b3: Pulling fs layer
ab6ef42a20b3: Verifying Checksum
ab6ef42a20b3: Download complete
1dd624a5d250: Verifying Checksum
1dd624a5d250: Download complete
1dd624a5d250: Pull complete
ab6ef42a20b3: Pull complete
Digest: sha256:5ba8bb318666baef4d33afefc0e65db80f38b23503cb8e7b150d315cc2d4d5da
Status: Downloaded newer image for archlinux:latest
:: Synchronizing package databases...
 core downloading...
 extra downloading...
==> Adding package 'target/arch/myth-0.1.0-1-aarch64.pkg.tar.zst'
  -> Computing checksums...
  -> Creating 'desc' db entry...
  -> Creating 'files' db entry...
==> Creating updated database file 'target/arch/myth.db.tar.gz'
==> Extracting myth.db.tar.gz to a temporary location...
==> Extracting myth.files.tar.gz to a temporary location...
==> Adding package 'target/arch/myth-0.1.0-1-x86_64.pkg.tar.zst'
==> WARNING: An entry for 'myth-0.1.0-1' already existed
  -> Computing checksums...
  -> Removing existing entry 'myth-0.1.0-1'...
  -> Creating 'desc' db entry...
  -> Creating 'files' db entry...
==> Creating updated database file 'target/arch/myth.db.tar.gz'
